#-----------------------------------------------------------
# Webtalk v2019.1 (64-bit)
# SW Build 2552052 on Fri May 24 14:49:42 MDT 2019
# IP Build 2548770 on Fri May 24 18:01:18 MDT 2019
# Start of session at: Mon Oct 10 18:24:10 2022
# Process ID: 62792
# Current directory: G:/HarishMarepalli/200/Vivado_projects/Assignment5_processor_design2/Assignment5_processor_design2.sim/sim_1/behav/xsim
# Command line: wbtcv.exe -mode batch -source G:/HarishMarepalli/200/Vivado_projects/Assignment5_processor_design2/Assignment5_processor_design2.sim/sim_1/behav/xsim/xsim.dir/tb_mips_top_behav/webtalk/xsim_webtalk.tcl -notrace
# Log file: G:/HarishMarepalli/200/Vivado_projects/Assignment5_processor_design2/Assignment5_processor_design2.sim/sim_1/behav/xsim/webtalk.log
# Journal file: G:/HarishMarepalli/200/Vivado_projects/Assignment5_processor_design2/Assignment5_processor_design2.sim/sim_1/behav/xsim\webtalk.jou
#-----------------------------------------------------------
source G:/HarishMarepalli/200/Vivado_projects/Assignment5_processor_design2/Assignment5_processor_design2.sim/sim_1/behav/xsim/xsim.dir/tb_mips_top_behav/webtalk/xsim_webtalk.tcl -notrace
